// Jest Snapshot v1, https://goo.gl/fbAQLP

exports[`state.headTags.current (author) works with auhors 1`] = `
Array [
  Object {
    "attributes": Object {
      "href": "https://mars.frontity.org/author/author-1/",
      "rel": "canonical",
    },
    "tag": "link",
  },
  Object {
    "attributes": Object {
      "href": "https://mars.frontity.org/author/author-1/page/2/",
      "rel": "next",
    },
    "tag": "link",
  },
  Object {
    "attributes": Object {
      "href": "https://test.frontity.io/wp-json/",
      "rel": "https://api.w.org/",
    },
    "tag": "link",
  },
  Object {
    "attributes": Object {
      "type": "application/ld+json",
    },
    "content": "{\\"@context\\":\\"https://schema.org\\",\\"@graph\\":[{\\"@type\\":\\"WebSite\\",\\"@id\\":\\"https://mars.frontity.org#website\\",\\"url\\":\\"https://mars.frontity.org\\"}]}",
    "tag": "script",
  },
]
`;

exports[`state.headTags.current (post entity) doesn't change links that don't point to WordPress pages 1`] = `
Array [
  Object {
    "attributes": Object {
      "content": "https://test.frontity.io/wp-content/uploads/2019/12/img.jpg",
      "property": "og:image",
    },
    "tag": "meta",
  },
  Object {
    "attributes": Object {
      "content": "https://test.frontity.io/wp-content/uploads/2019/12/img.jpg",
      "name": "twitter:image",
    },
    "tag": "meta",
  },
  Object {
    "attributes": Object {
      "href": "//s.w.org",
      "rel": "dns-prefetch",
    },
    "tag": "link",
  },
  Object {
    "attributes": Object {
      "href": "https://test.frontity.io/feed/",
      "rel": "alternate",
      "title": "frontity » Feed",
      "type": "application/rss+xml",
    },
    "tag": "link",
  },
  Object {
    "attributes": Object {
      "href": "https://test.frontity.io/comments/feed/",
      "rel": "alternate",
      "title": "frontity » Comments Feed",
      "type": "application/rss+xml",
    },
    "tag": "link",
  },
  Object {
    "attributes": Object {
      "href": "https://test.frontity.io/post-1/feed/",
      "rel": "alternate",
      "title": "frontity » Post 1 Comments Feed",
      "type": "application/rss+xml",
    },
    "tag": "link",
  },
  Object {
    "attributes": Object {
      "href": "https://test.frontity.io/wp-json/",
      "rel": "https://api.w.org/",
    },
    "tag": "link",
  },
  Object {
    "attributes": Object {
      "href": "https://test.frontity.io/xmlrpc.php?rsd",
      "rel": "EditURI",
      "title": "RSD",
      "type": "application/rsd+xml",
    },
    "tag": "link",
  },
  Object {
    "attributes": Object {
      "href": "https://test.frontity.io/wp-includes/wlwmanifest.xml",
      "rel": "wlwmanifest",
      "type": "application/wlwmanifest+xml",
    },
    "tag": "link",
  },
  Object {
    "attributes": Object {
      "href": "https://test.frontity.io/wp-json/oembed/1.0/embed?url=http%3A%2F%2Ftest.frontity.io%2Fpost-1%2F",
      "rel": "alternate",
      "type": "application/json+oembed",
    },
    "tag": "link",
  },
  Object {
    "attributes": Object {
      "href": "https://test.frontity.io/wp-json/oembed/1.0/embed?url=http%3A%2F%2Ftest.frontity.io%2Fpost-1%2F&format=xml",
      "rel": "alternate",
      "type": "text/xml+oembed",
    },
    "tag": "link",
  },
  Object {
    "attributes": Object {
      "href": "https://test.frontity.io/xmlrpc.php",
      "rel": "pingback",
    },
    "tag": "link",
  },
]
`;

exports[`state.headTags.current (post entity) returns an empty array if \`head_tags\` is undefined 1`] = `Array []`;

exports[`state.headTags.current (post entity) returns elements without attributes (title) 1`] = `
Array [
  Object {
    "content": "Post 1 - Frontity",
    "tag": "title",
  },
]
`;

exports[`state.headTags.current (post entity) returns elements without content (meta tags) 1`] = `
Array [
  Object {
    "attributes": Object {
      "content": "max-snippet:-1, max-image-preview:large, max-video-preview:-1",
      "name": "robots",
    },
    "tag": "meta",
  },
]
`;

exports[`state.headTags.current (post entity) transform links inside ld+json data 1`] = `
Array [
  Object {
    "attributes": Object {
      "class": "yoast-schema-graph yoast-schema-graph--main",
      "type": "application/ld+json",
    },
    "content": "{\\"@context\\":\\"https://schema.org\\",\\"@graph\\":[{\\"@type\\":\\"WebSite\\",\\"@id\\":\\"https://mars.frontity.org#website\\",\\"url\\":\\"https://mars.frontity.org\\",\\"potentialAction\\":{\\"@type\\":\\"SearchAction\\",\\"target\\":\\"https://mars.frontity.org?s={search_term_string}\\"}},{\\"@type\\":\\"ImageObject\\",\\"@id\\":\\"https://mars.frontity.org/post-1/#primaryimage\\",\\"url\\":\\"https://test.frontity.io/wp-content/uploads/2019/12/img.jpg\\"}]}",
    "tag": "script",
  },
]
`;

exports[`state.headTags.current (post entity) transforms links appropiately when Frontity is in a subdirectory 1`] = `
Array [
  Object {
    "attributes": Object {
      "href": "https://frontity.org/mars/post-1/",
      "rel": "canonical",
    },
    "tag": "link",
  },
  Object {
    "attributes": Object {
      "href": "https://test.frontity.io/subdir/wp-json/",
      "rel": "https://api.w.org/",
    },
    "tag": "link",
  },
  Object {
    "attributes": Object {
      "type": "application/ld+json",
    },
    "content": "{\\"@context\\":\\"https://schema.org\\",\\"@graph\\":[{\\"@type\\":\\"WebSite\\",\\"@id\\":\\"https://frontity.org/mars#website\\",\\"url\\":\\"https://frontity.org/mars\\"}]}",
    "tag": "script",
  },
]
`;

exports[`state.headTags.current (post entity) transforms links appropiately when WP is in a subdirectory 1`] = `
Array [
  Object {
    "attributes": Object {
      "href": "https://mars.frontity.org/post-1/",
      "rel": "canonical",
    },
    "tag": "link",
  },
  Object {
    "attributes": Object {
      "href": "https://test.frontity.io/subdir/wp-json/",
      "rel": "https://api.w.org/",
    },
    "tag": "link",
  },
  Object {
    "attributes": Object {
      "type": "application/ld+json",
    },
    "content": "{\\"@context\\":\\"https://schema.org\\",\\"@graph\\":[{\\"@type\\":\\"WebSite\\",\\"@id\\":\\"https://mars.frontity.org#website\\",\\"url\\":\\"https://mars.frontity.org\\"}]}",
    "tag": "script",
  },
]
`;

exports[`state.headTags.current (post entity) transforms links that point to WordPress pages 1`] = `
Array [
  Object {
    "attributes": Object {
      "href": "https://mars.frontity.org/post-1/",
      "rel": "canonical",
    },
    "tag": "link",
  },
  Object {
    "attributes": Object {
      "content": "https://mars.frontity.org/post-1/",
      "property": "og:url",
    },
    "tag": "meta",
  },
  Object {
    "attributes": Object {
      "href": "https://mars.frontity.org?p=1",
      "rel": "shortlink",
    },
    "tag": "link",
  },
]
`;

exports[`state.headTags.current (post type) works with post types 1`] = `
Array [
  Object {
    "attributes": Object {
      "href": "https://mars.frontity.org",
      "rel": "canonical",
    },
    "tag": "link",
  },
  Object {
    "attributes": Object {
      "href": "https://mars.frontity.org/page/2/",
      "rel": "next",
    },
    "tag": "link",
  },
  Object {
    "attributes": Object {
      "href": "https://test.frontity.io/wp-json/",
      "rel": "https://api.w.org/",
    },
    "tag": "link",
  },
  Object {
    "attributes": Object {
      "type": "application/ld+json",
    },
    "content": "{\\"@context\\":\\"https://schema.org\\",\\"@graph\\":[{\\"@type\\":\\"WebSite\\",\\"@id\\":\\"https://mars.frontity.org#website\\",\\"url\\":\\"https://mars.frontity.org\\"}]}",
    "tag": "script",
  },
]
`;

exports[`state.headTags.current (taxonomy) works with taxonomies 1`] = `
Array [
  Object {
    "attributes": Object {
      "href": "https://mars.frontity.org/category/cat-1/",
      "rel": "canonical",
    },
    "tag": "link",
  },
  Object {
    "attributes": Object {
      "href": "https://mars.frontity.org/category/cat-1/page/2/",
      "rel": "next",
    },
    "tag": "link",
  },
  Object {
    "attributes": Object {
      "href": "https://test.frontity.io/wp-json/",
      "rel": "https://api.w.org/",
    },
    "tag": "link",
  },
  Object {
    "attributes": Object {
      "type": "application/ld+json",
    },
    "content": "{\\"@context\\":\\"https://schema.org\\",\\"@graph\\":[{\\"@type\\":\\"WebSite\\",\\"@id\\":\\"https://mars.frontity.org#website\\",\\"url\\":\\"https://mars.frontity.org\\"}]}",
    "tag": "script",
  },
]
`;
