// Jest Snapshot v1, https://goo.gl/fbAQLP

exports[`mergePackages should output a merged packages 1`] = `
Object {
  "actions": Object {},
  "fills": Object {},
  "roots": Object {
    "namespace1": [Function],
    "namespace2": [Function],
    "namespace3": [Function],
  },
  "state": Object {
    "frontity": Object {
      "mode": "html",
      "packages": Array [
        "package-1",
        "package-2",
      ],
    },
    "namespace1": Object {
      "prop1": "prop1 overwritten by package_2",
    },
    "namespace2": Object {
      "prop2": "prop2",
    },
    "namespace3": Object {
      "prop3": "prop3",
    },
  },
}
`;
