// Jest Snapshot v1, https://goo.gl/fbAQLP

exports[`category doesn't exist in source.category 1`] = `
Array [
  Array [
    Object {
      "endpoint": "posts",
      "params": Object {
        "_embed": true,
        "categories": 7,
        "page": 1,
        "search": undefined,
      },
    },
  ],
]
`;

exports[`category doesn't exist in source.category 2`] = `
Object {
  "/category/nature/": Object {
    "id": 7,
    "isArchive": true,
    "isCategory": true,
    "isFetching": false,
    "isReady": true,
    "isTaxonomy": true,
    "pages": Array [
      Array [
        Object {
          "id": 57,
          "link": "https://test.frontity.io/2016/shinjuku-gyoen-national-garden/",
          "type": "post",
        },
        Object {
          "id": 54,
          "link": "https://test.frontity.io/2016/lower-antelope-canyon/",
          "type": "post",
        },
        Object {
          "id": 42,
          "link": "https://test.frontity.io/2016/kebumen/",
          "type": "post",
        },
        Object {
          "id": 36,
          "link": "https://test.frontity.io/2016/banff-national-park/",
          "type": "post",
        },
        Object {
          "id": 33,
          "link": "https://test.frontity.io/2016/the-al-hajar-mountains/",
          "type": "post",
        },
        Object {
          "id": 30,
          "link": "https://test.frontity.io/2016/machu-picchu/",
          "type": "post",
        },
        Object {
          "id": 26,
          "link": "https://test.frontity.io/2016/discovering-iceland/",
          "type": "post",
        },
        Object {
          "id": 23,
          "link": "https://test.frontity.io/2016/switzerlands-mountains/",
          "type": "post",
        },
        Object {
          "id": 12,
          "link": "https://test.frontity.io/2016/somewhere-in-romania/",
          "type": "post",
        },
        Object {
          "id": 1,
          "link": "https://test.frontity.io/2016/iceland/",
          "type": "post",
        },
      ],
    ],
    "taxonomy": "category",
    "total": 10,
    "totalPages": 1,
  },
}
`;

exports[`category doesn't exist in source.category 3`] = `
Object {
  "attachment": Array [
    6,
    13,
    24,
    27,
    34,
    37,
    45,
    55,
    77,
    80,
    91,
    93,
    95,
    103,
    107,
    108,
    109,
    111,
    113,
    116,
    118,
    126,
    132,
    133,
    134,
    185,
    193,
  ],
  "author": Array [
    1,
    2,
    3,
    4,
  ],
  "category": Array [
    3,
    4,
    5,
    6,
    7,
    8,
    56,
    57,
    58,
    59,
  ],
  "post": Array [
    1,
    12,
    23,
    26,
    30,
    33,
    36,
    42,
    54,
    57,
  ],
  "tag": Array [
    9,
    13,
    14,
    15,
    16,
    18,
    19,
    23,
    28,
    29,
    30,
    31,
    32,
    33,
    34,
    35,
    36,
    37,
    38,
    39,
    40,
    41,
    42,
    43,
    47,
    48,
    49,
    50,
  ],
}
`;
