// Jest Snapshot v1, https://goo.gl/fbAQLP

exports[`Babel returns for development 1`] = `
"User-agent: *
Disallow:"
`;

exports[`Babel returns for production 1`] = `
"User-agent: *
Disallow:"
`;
