// Jest Snapshot v1, https://goo.gl/fbAQLP

exports[`useFills Should remind to specify the slot name if called without arguments 1`] = `null`;

exports[`useFills Should work in the most basic case 1`] = `
<div
  id="test-fill"
>
  Hi, Im Phil, Im a Fill
</div>
`;

exports[`useFills Should work when the library does not exist 1`] = `null`;

exports[`useFills Should work when the slot does not exist and should show a warning 1`] = `null`;
